﻿  Determinando los proyectos que se van a restaurar...
  Todos los proyectos est├ín actualizados para la restauraci├│n.
C:\Program Files\dotnet\sdk\10.0.100\Microsoft.Common.CurrentVersion.targets(5381,5): warning MSB3026: No se pudo copiar "C:\Users\Windows\Documents\nuevo backend app\FataleCore\obj\Debug\net10.0\apphost.exe" en "bin\Debug\net10.0\FataleCore.exe". Se iniciar├í el reintento 1 dentro de 1000ms. The process cannot access the file 'C:\Users\Windows\Documents\nuevo backend app\FataleCore\bin\Debug\net10.0\FataleCore.exe' because it is being used by another process. El archivo se ha bloqueado por: "FataleCore (23768)" [C:\Users\Windows\Documents\nuevo backend app\FataleCore\FataleCore.csproj]
C:\Program Files\dotnet\sdk\10.0.100\Microsoft.Common.CurrentVersion.targets(5381,5): warning MSB3026: No se pudo copiar "C:\Users\Windows\Documents\nuevo backend app\FataleCore\obj\Debug\net10.0\apphost.exe" en "bin\Debug\net10.0\FataleCore.exe". Se iniciar├í el reintento 2 dentro de 1000ms. The process cannot access the file 'C:\Users\Windows\Documents\nuevo backend app\FataleCore\bin\Debug\net10.0\FataleCore.exe' because it is being used by another process. El archivo se ha bloqueado por: "FataleCore (23768)" [C:\Users\Windows\Documents\nuevo backend app\FataleCore\FataleCore.csproj]
C:\Program Files\dotnet\sdk\10.0.100\Microsoft.Common.CurrentVersion.targets(5381,5): warning MSB3026: No se pudo copiar "C:\Users\Windows\Documents\nuevo backend app\FataleCore\obj\Debug\net10.0\apphost.exe" en "bin\Debug\net10.0\FataleCore.exe". Se iniciar├í el reintento 3 dentro de 1000ms. The process cannot access the file 'C:\Users\Windows\Documents\nuevo backend app\FataleCore\bin\Debug\net10.0\FataleCore.exe' because it is being used by another process. El archivo se ha bloqueado por: "FataleCore (23768)" [C:\Users\Windows\Documents\nuevo backend app\FataleCore\FataleCore.csproj]
C:\Program Files\dotnet\sdk\10.0.100\Microsoft.Common.CurrentVersion.targets(5381,5): warning MSB3026: No se pudo copiar "C:\Users\Windows\Documents\nuevo backend app\FataleCore\obj\Debug\net10.0\apphost.exe" en "bin\Debug\net10.0\FataleCore.exe". Se iniciar├í el reintento 4 dentro de 1000ms. The process cannot access the file 'C:\Users\Windows\Documents\nuevo backend app\FataleCore\bin\Debug\net10.0\FataleCore.exe' because it is being used by another process. El archivo se ha bloqueado por: "FataleCore (23768)" [C:\Users\Windows\Documents\nuevo backend app\FataleCore\FataleCore.csproj]
C:\Program Files\dotnet\sdk\10.0.100\Microsoft.Common.CurrentVersion.targets(5381,5): warning MSB3026: No se pudo copiar "C:\Users\Windows\Documents\nuevo backend app\FataleCore\obj\Debug\net10.0\apphost.exe" en "bin\Debug\net10.0\FataleCore.exe". Se iniciar├í el reintento 5 dentro de 1000ms. The process cannot access the file 'C:\Users\Windows\Documents\nuevo backend app\FataleCore\bin\Debug\net10.0\FataleCore.exe' because it is being used by another process. El archivo se ha bloqueado por: "FataleCore (23768)" [C:\Users\Windows\Documents\nuevo backend app\FataleCore\FataleCore.csproj]
C:\Program Files\dotnet\sdk\10.0.100\Microsoft.Common.CurrentVersion.targets(5381,5): warning MSB3026: No se pudo copiar "C:\Users\Windows\Documents\nuevo backend app\FataleCore\obj\Debug\net10.0\apphost.exe" en "bin\Debug\net10.0\FataleCore.exe". Se iniciar├í el reintento 6 dentro de 1000ms. The process cannot access the file 'C:\Users\Windows\Documents\nuevo backend app\FataleCore\bin\Debug\net10.0\FataleCore.exe' because it is being used by another process. El archivo se ha bloqueado por: "FataleCore (23768)" [C:\Users\Windows\Documents\nuevo backend app\FataleCore\FataleCore.csproj]
C:\Program Files\dotnet\sdk\10.0.100\Microsoft.Common.CurrentVersion.targets(5381,5): warning MSB3026: No se pudo copiar "C:\Users\Windows\Documents\nuevo backend app\FataleCore\obj\Debug\net10.0\apphost.exe" en "bin\Debug\net10.0\FataleCore.exe". Se iniciar├í el reintento 7 dentro de 1000ms. The process cannot access the file 'C:\Users\Windows\Documents\nuevo backend app\FataleCore\bin\Debug\net10.0\FataleCore.exe' because it is being used by another process. El archivo se ha bloqueado por: "FataleCore (23768)" [C:\Users\Windows\Documents\nuevo backend app\FataleCore\FataleCore.csproj]
C:\Program Files\dotnet\sdk\10.0.100\Microsoft.Common.CurrentVersion.targets(5381,5): warning MSB3026: No se pudo copiar "C:\Users\Windows\Documents\nuevo backend app\FataleCore\obj\Debug\net10.0\apphost.exe" en "bin\Debug\net10.0\FataleCore.exe". Se iniciar├í el reintento 8 dentro de 1000ms. The process cannot access the file 'C:\Users\Windows\Documents\nuevo backend app\FataleCore\bin\Debug\net10.0\FataleCore.exe' because it is being used by another process. El archivo se ha bloqueado por: "FataleCore (23768)" [C:\Users\Windows\Documents\nuevo backend app\FataleCore\FataleCore.csproj]
C:\Program Files\dotnet\sdk\10.0.100\Microsoft.Common.CurrentVersion.targets(5381,5): warning MSB3026: No se pudo copiar "C:\Users\Windows\Documents\nuevo backend app\FataleCore\obj\Debug\net10.0\apphost.exe" en "bin\Debug\net10.0\FataleCore.exe". Se iniciar├í el reintento 9 dentro de 1000ms. The process cannot access the file 'C:\Users\Windows\Documents\nuevo backend app\FataleCore\bin\Debug\net10.0\FataleCore.exe' because it is being used by another process. El archivo se ha bloqueado por: "FataleCore (23768)" [C:\Users\Windows\Documents\nuevo backend app\FataleCore\FataleCore.csproj]
C:\Program Files\dotnet\sdk\10.0.100\Microsoft.Common.CurrentVersion.targets(5381,5): warning MSB3026: No se pudo copiar "C:\Users\Windows\Documents\nuevo backend app\FataleCore\obj\Debug\net10.0\apphost.exe" en "bin\Debug\net10.0\FataleCore.exe". Se iniciar├í el reintento 10 dentro de 1000ms. The process cannot access the file 'C:\Users\Windows\Documents\nuevo backend app\FataleCore\bin\Debug\net10.0\FataleCore.exe' because it is being used by another process. El archivo se ha bloqueado por: "FataleCore (23768)" [C:\Users\Windows\Documents\nuevo backend app\FataleCore\FataleCore.csproj]
C:\Program Files\dotnet\sdk\10.0.100\Microsoft.Common.CurrentVersion.targets(5381,5): error MSB3027: No se pudo copiar "C:\Users\Windows\Documents\nuevo backend app\FataleCore\obj\Debug\net10.0\apphost.exe" en "bin\Debug\net10.0\FataleCore.exe". Se super├│ el n├║mero de 10 reintentos. Error. El archivo se ha bloqueado por: "FataleCore (23768)" [C:\Users\Windows\Documents\nuevo backend app\FataleCore\FataleCore.csproj]
C:\Program Files\dotnet\sdk\10.0.100\Microsoft.Common.CurrentVersion.targets(5381,5): error MSB3021: No se puede copiar "C:\Users\Windows\Documents\nuevo backend app\FataleCore\obj\Debug\net10.0\apphost.exe" en "bin\Debug\net10.0\FataleCore.exe". The process cannot access the file 'C:\Users\Windows\Documents\nuevo backend app\FataleCore\bin\Debug\net10.0\FataleCore.exe' because it is being used by another process. [C:\Users\Windows\Documents\nuevo backend app\FataleCore\FataleCore.csproj]

ERROR al compilar.

C:\Program Files\dotnet\sdk\10.0.100\Microsoft.Common.CurrentVersion.targets(5381,5): warning MSB3026: No se pudo copiar "C:\Users\Windows\Documents\nuevo backend app\FataleCore\obj\Debug\net10.0\apphost.exe" en "bin\Debug\net10.0\FataleCore.exe". Se iniciar├í el reintento 1 dentro de 1000ms. The process cannot access the file 'C:\Users\Windows\Documents\nuevo backend app\FataleCore\bin\Debug\net10.0\FataleCore.exe' because it is being used by another process. El archivo se ha bloqueado por: "FataleCore (23768)" [C:\Users\Windows\Documents\nuevo backend app\FataleCore\FataleCore.csproj]
C:\Program Files\dotnet\sdk\10.0.100\Microsoft.Common.CurrentVersion.targets(5381,5): warning MSB3026: No se pudo copiar "C:\Users\Windows\Documents\nuevo backend app\FataleCore\obj\Debug\net10.0\apphost.exe" en "bin\Debug\net10.0\FataleCore.exe". Se iniciar├í el reintento 2 dentro de 1000ms. The process cannot access the file 'C:\Users\Windows\Documents\nuevo backend app\FataleCore\bin\Debug\net10.0\FataleCore.exe' because it is being used by another process. El archivo se ha bloqueado por: "FataleCore (23768)" [C:\Users\Windows\Documents\nuevo backend app\FataleCore\FataleCore.csproj]
C:\Program Files\dotnet\sdk\10.0.100\Microsoft.Common.CurrentVersion.targets(5381,5): warning MSB3026: No se pudo copiar "C:\Users\Windows\Documents\nuevo backend app\FataleCore\obj\Debug\net10.0\apphost.exe" en "bin\Debug\net10.0\FataleCore.exe". Se iniciar├í el reintento 3 dentro de 1000ms. The process cannot access the file 'C:\Users\Windows\Documents\nuevo backend app\FataleCore\bin\Debug\net10.0\FataleCore.exe' because it is being used by another process. El archivo se ha bloqueado por: "FataleCore (23768)" [C:\Users\Windows\Documents\nuevo backend app\FataleCore\FataleCore.csproj]
C:\Program Files\dotnet\sdk\10.0.100\Microsoft.Common.CurrentVersion.targets(5381,5): warning MSB3026: No se pudo copiar "C:\Users\Windows\Documents\nuevo backend app\FataleCore\obj\Debug\net10.0\apphost.exe" en "bin\Debug\net10.0\FataleCore.exe". Se iniciar├í el reintento 4 dentro de 1000ms. The process cannot access the file 'C:\Users\Windows\Documents\nuevo backend app\FataleCore\bin\Debug\net10.0\FataleCore.exe' because it is being used by another process. El archivo se ha bloqueado por: "FataleCore (23768)" [C:\Users\Windows\Documents\nuevo backend app\FataleCore\FataleCore.csproj]
C:\Program Files\dotnet\sdk\10.0.100\Microsoft.Common.CurrentVersion.targets(5381,5): warning MSB3026: No se pudo copiar "C:\Users\Windows\Documents\nuevo backend app\FataleCore\obj\Debug\net10.0\apphost.exe" en "bin\Debug\net10.0\FataleCore.exe". Se iniciar├í el reintento 5 dentro de 1000ms. The process cannot access the file 'C:\Users\Windows\Documents\nuevo backend app\FataleCore\bin\Debug\net10.0\FataleCore.exe' because it is being used by another process. El archivo se ha bloqueado por: "FataleCore (23768)" [C:\Users\Windows\Documents\nuevo backend app\FataleCore\FataleCore.csproj]
C:\Program Files\dotnet\sdk\10.0.100\Microsoft.Common.CurrentVersion.targets(5381,5): warning MSB3026: No se pudo copiar "C:\Users\Windows\Documents\nuevo backend app\FataleCore\obj\Debug\net10.0\apphost.exe" en "bin\Debug\net10.0\FataleCore.exe". Se iniciar├í el reintento 6 dentro de 1000ms. The process cannot access the file 'C:\Users\Windows\Documents\nuevo backend app\FataleCore\bin\Debug\net10.0\FataleCore.exe' because it is being used by another process. El archivo se ha bloqueado por: "FataleCore (23768)" [C:\Users\Windows\Documents\nuevo backend app\FataleCore\FataleCore.csproj]
C:\Program Files\dotnet\sdk\10.0.100\Microsoft.Common.CurrentVersion.targets(5381,5): warning MSB3026: No se pudo copiar "C:\Users\Windows\Documents\nuevo backend app\FataleCore\obj\Debug\net10.0\apphost.exe" en "bin\Debug\net10.0\FataleCore.exe". Se iniciar├í el reintento 7 dentro de 1000ms. The process cannot access the file 'C:\Users\Windows\Documents\nuevo backend app\FataleCore\bin\Debug\net10.0\FataleCore.exe' because it is being used by another process. El archivo se ha bloqueado por: "FataleCore (23768)" [C:\Users\Windows\Documents\nuevo backend app\FataleCore\FataleCore.csproj]
C:\Program Files\dotnet\sdk\10.0.100\Microsoft.Common.CurrentVersion.targets(5381,5): warning MSB3026: No se pudo copiar "C:\Users\Windows\Documents\nuevo backend app\FataleCore\obj\Debug\net10.0\apphost.exe" en "bin\Debug\net10.0\FataleCore.exe". Se iniciar├í el reintento 8 dentro de 1000ms. The process cannot access the file 'C:\Users\Windows\Documents\nuevo backend app\FataleCore\bin\Debug\net10.0\FataleCore.exe' because it is being used by another process. El archivo se ha bloqueado por: "FataleCore (23768)" [C:\Users\Windows\Documents\nuevo backend app\FataleCore\FataleCore.csproj]
C:\Program Files\dotnet\sdk\10.0.100\Microsoft.Common.CurrentVersion.targets(5381,5): warning MSB3026: No se pudo copiar "C:\Users\Windows\Documents\nuevo backend app\FataleCore\obj\Debug\net10.0\apphost.exe" en "bin\Debug\net10.0\FataleCore.exe". Se iniciar├í el reintento 9 dentro de 1000ms. The process cannot access the file 'C:\Users\Windows\Documents\nuevo backend app\FataleCore\bin\Debug\net10.0\FataleCore.exe' because it is being used by another process. El archivo se ha bloqueado por: "FataleCore (23768)" [C:\Users\Windows\Documents\nuevo backend app\FataleCore\FataleCore.csproj]
C:\Program Files\dotnet\sdk\10.0.100\Microsoft.Common.CurrentVersion.targets(5381,5): warning MSB3026: No se pudo copiar "C:\Users\Windows\Documents\nuevo backend app\FataleCore\obj\Debug\net10.0\apphost.exe" en "bin\Debug\net10.0\FataleCore.exe". Se iniciar├í el reintento 10 dentro de 1000ms. The process cannot access the file 'C:\Users\Windows\Documents\nuevo backend app\FataleCore\bin\Debug\net10.0\FataleCore.exe' because it is being used by another process. El archivo se ha bloqueado por: "FataleCore (23768)" [C:\Users\Windows\Documents\nuevo backend app\FataleCore\FataleCore.csproj]
C:\Program Files\dotnet\sdk\10.0.100\Microsoft.Common.CurrentVersion.targets(5381,5): error MSB3027: No se pudo copiar "C:\Users\Windows\Documents\nuevo backend app\FataleCore\obj\Debug\net10.0\apphost.exe" en "bin\Debug\net10.0\FataleCore.exe". Se super├│ el n├║mero de 10 reintentos. Error. El archivo se ha bloqueado por: "FataleCore (23768)" [C:\Users\Windows\Documents\nuevo backend app\FataleCore\FataleCore.csproj]
C:\Program Files\dotnet\sdk\10.0.100\Microsoft.Common.CurrentVersion.targets(5381,5): error MSB3021: No se puede copiar "C:\Users\Windows\Documents\nuevo backend app\FataleCore\obj\Debug\net10.0\apphost.exe" en "bin\Debug\net10.0\FataleCore.exe". The process cannot access the file 'C:\Users\Windows\Documents\nuevo backend app\FataleCore\bin\Debug\net10.0\FataleCore.exe' because it is being used by another process. [C:\Users\Windows\Documents\nuevo backend app\FataleCore\FataleCore.csproj]
    10 Advertencia(s)
    2 Errores

Tiempo transcurrido 00:00:18.12
